This is LuaHBTeX, Version 1.17.0 (MiKTeX 23.10) (format=lualatex 2023.11.2)  20 OCT 2025 16:57
 system commands enabled.
**\def\tikzexternalrealjob{MONKES_manual}\input{MONKES_manual}
Lua module: luaotfload 2023-08-31 3.26 Lua based OpenType font support
Lua module: lualibs 2023-07-13 2.76 ConTeXt Lua standard libraries.
Lua module: lualibs-extended 2023-07-13 2.76 ConTeXt Lua libraries -- extended collection.
luaotfload | conf : Root cache directory is "C:/Users/Usuarix/AppData/Local/MiKTeX/luatex-cache/generic/names".
luaotfload | init : Loading fontloader "fontloader-2023-08-19.lua" from kpse-resolved path "C:/Users/Usuarix/AppData/Local/Programs/MiKTeX/tex/luatex/luaotfload/fontloader-2023-08-19.lua".
Lua-only attribute luaotfload@noligature = 1
luaotfload | init : Context OpenType loader version 3.133
Inserting `luaotfload.node_processor' in `pre_linebreak_filter'.
Inserting `luaotfload.node_processor' in `hpack_filter'.
Inserting `luaotfload.glyph_stream' in `glyph_stream_provider'.
Inserting `luaotfload.define_font' in `define_font'.
Lua-only attribute luaotfload_color_attribute = 2
luaotfload | conf : Root cache directory is "C:/Users/Usuarix/AppData/Local/MiKTeX/luatex-cache/generic/names".
Inserting `luaotfload.harf.strip_prefix' in `find_opentype_file'.
Inserting `luaotfload.harf.strip_prefix' in `find_truetype_file'.
Removing  `luaotfload.glyph_stream' from `glyph_stream_provider'.
Inserting `luaotfload.harf.glyphstream' in `glyph_stream_provider'.
Inserting `luaotfload.harf.finalize_vlist' in `post_linebreak_filter'.
Inserting `luaotfload.harf.finalize_hlist' in `hpack_filter'.
Inserting `luaotfload.cleanup_files' in `wrapup_run'.
Inserting `luaotfload.harf.finalize_unicode' in `finish_pdffile'.
Inserting `luaotfload.glyphinfo' in `glyph_info'.
Lua-only attribute luaotfload.letterspace_done = 3
Inserting `luaotfload.aux.set_sscale_dimens' in `luaotfload.patch_font'.
Inserting `luaotfload.aux.set_font_index' in `luaotfload.patch_font'.
Inserting `luaotfload.aux.patch_cambria_domh' in `luaotfload.patch_font'.
Inserting `luaotfload.aux.fixup_fontdata' in `luaotfload.patch_font_unsafe'.
Inserting `luaotfload.aux.set_capheight' in `luaotfload.patch_font'.
Inserting `luaotfload.aux.set_xheight' in `luaotfload.patch_font'.
Inserting `luaotfload.rewrite_fontname' in `luaotfload.patch_font'.
Inserting `tracingstacklevels' in `input_level_string'.
(./MONKES_manual.tex (C:/Users/Usuarix/AppData/Local/Programs/MiKTeX/tex/latex/
base/article.cls
Document Class: article 2023/05/17 v1.4n Standard LaTeX document class
(C:/Users/Usuarix/AppData/Local/Programs/MiKTeX/tex/latex/base/size11.clo
File: size11.clo 2023/05/17 v1.4n Standard LaTeX file (size option)
luaotfload | db : Font names database loaded from C:/Users/Usuarix/AppData/Local
/MiKTeX/luatex-cache/generic/names/luaotfload-names.luc.gz)
\c@part=\count183
\c@section=\count184
\c@subsection=\count185
\c@subsubsection=\count186
\c@paragraph=\count187
\c@subparagraph=\count188
\c@figure=\count189
\c@table=\count190
\abovecaptionskip=\skip48
\belowcaptionskip=\skip49
\bibindent=\dimen139
)

LaTeX Warning: \include should only be used after \begin{document} on input lin
e 7.

(./format/packages.tex (C:/Users/Usuarix/AppData/Local/Programs/MiKTeX/tex/gene
ric/babel/babel.sty
Package: babel 2023/09/29 v3.95 The Babel package
(C:/Users/Usuarix/AppData/Local/Programs/MiKTeX/tex/generic/babel/luababel.def
\bbl@readstream=\read2
\l@afrikaans=\language2
Package babel Info: Non-standard hyphenation setup on input line 118.
\l@ancientgreek=\language3
\l@armenian=\language4
\l@assamese=\language5
\l@basque=\language6
\l@belarusian=\language7
\l@bengali=\language8
\l@bokmal=\language9
\l@bulgarian=\language10
\l@catalan=\language11
\l@churchslavonic=\language12
\l@classiclatin=\language13
\l@coptic=\language14
\l@croatian=\language15
\l@czech=\language16
\l@danish=\language17
\l@dutch=\language18
\l@esperanto=\language19
\l@estonian=\language20
\l@ethiopic=\language21
\l@finnish=\language22
\l@french=\language23
\l@friulan=\language24
\l@galician=\language25
\l@georgian=\language26
\l@german=\language27
\l@greek=\language28
\l@gujarati=\language29
\l@hindi=\language30
\l@hungarian=\language31
\l@icelandic=\language32
\l@indonesian=\language33
\l@interlingua=\language34
\l@irish=\language35
\l@italian=\language36
\l@kannada=\language37
\l@kurmanji=\language38
\l@latin=\language39
\l@latvian=\language40
\l@lithuanian=\language41
\l@liturgicallatin=\language42
\l@macedonian=\language43
\l@malayalam=\language44
\l@marathi=\language45
\l@mongolian=\language46
\l@mongolianlmc=\language47
\l@monogreek=\language48
\l@ngerman=\language49
\l@nynorsk=\language50
\l@occitan=\language51
\l@oriya=\language52
\l@pali=\language53
\l@panjabi=\language54
\l@piedmontese=\language55
\l@polish=\language56
\l@portuguese=\language57
\l@romanian=\language58
\l@romansh=\language59
\l@russian=\language60
\l@sanskrit=\language61
\l@serbian=\language62
\l@serbianc=\language63
\l@slovak=\language64
\l@slovenian=\language65
\l@spanish=\language66
\l@swedish=\language67
\l@swissgerman=\language68
\l@tamil=\language69
\l@telugu=\language70
\l@thai=\language71
\l@turkish=\language72
\l@turkmen=\language73
\l@ukenglish=\language74
\l@ukrainian=\language75
\l@uppersorbian=\language76
\l@usenglishmax=\language77
\l@welsh=\language78
\babelcatcodetablenum=\catcodetable14
\bbl@pattcodes=\catcodetable15
)
\babel@savecnt=\count191
\U@D=\dimen140
\l@unhyphenated=\language79
(C:/Users/Usuarix/AppData/Local/Programs/MiKTeX/tex/generic/babel/luababel.def
\bbl@attr@locale=\attribute4
)
*************************************
* Local config file bblopts.cfg used
*
(C:/Users/Usuarix/AppData/Local/Programs/MiKTeX/tex/latex/arabi/bblopts.cfg
File: bblopts.cfg 2005/09/08 v0.1 add Arabic and Farsi to "declared" options of
 babel
)
(C:/Users/Usuarix/AppData/Local/Programs/MiKTeX/tex/latex/babel-english/english
.ldf
Language: english 2017/06/06 v3.3r English support from the babel system
Package babel Info: Hyphen rules for 'canadian' set to \l@english
(babel)             (\language0). Reported on input line 102.
Package babel Info: Hyphen rules for 'australian' set to \l@ukenglish
(babel)             (\language74). Reported on input line 105.
Package babel Info: Hyphen rules for 'newzealand' set to \l@ukenglish
(babel)             (\language74). Reported on input line 108.
))
(C:/Users/Usuarix/AppData/Local/Programs/MiKTeX/tex/generic/babel/locale/en/bab
el-english.tex
Package babel Info: Importing font and identification data for english
(babel)             from babel-en.ini. Reported on input line 11.
)
(C:/Users/Usuarix/AppData/Local/Programs/MiKTeX/tex/latex/geometry/geometry.sty
Package: geometry 2020/01/02 v5.9 Page Geometry
(C:/Users/Usuarix/AppData/Local/Programs/MiKTeX/tex/latex/graphics/keyval.sty
Package: keyval 2022/05/29 v1.15 key=value parser (DPC)
\KV@toks@=\toks17
) (C:/Users/Usuarix/AppData/Local/Programs/MiKTeX/tex/generic/iftex/ifvtex.sty
Package: ifvtex 2019/10/25 v1.7 ifvtex legacy package. Use iftex instead.
(C:/Users/Usuarix/AppData/Local/Programs/MiKTeX/tex/generic/iftex/iftex.sty
Package: iftex 2022/02/03 v1.0f TeX engine tests
))
\Gm@cnth=\count192
\Gm@cntv=\count193
\c@Gm@tempcnt=\count194
\Gm@bindingoffset=\dimen141
\Gm@wd@mp=\dimen142
\Gm@odd@mp=\dimen143
\Gm@even@mp=\dimen144
\Gm@layoutwidth=\dimen145
\Gm@layoutheight=\dimen146
\Gm@layouthoffset=\dimen147
\Gm@layoutvoffset=\dimen148
\Gm@dimlist=\toks18

(C:/Users/Usuarix/AppData/Local/Programs/MiKTeX/tex/latex/geometry/geometry.cfg
)) (C:/Users/Usuarix/AppData/Local/Programs/MiKTeX/tex/latex/amsmath/amsmath.st
y
Package: amsmath 2023/05/13 v2.17o AMS math features
\@mathmargin=\skip50
For additional information on amsmath, use the `?' option.
(C:/Users/Usuarix/AppData/Local/Programs/MiKTeX/tex/latex/amsmath/amstext.sty
Package: amstext 2021/08/26 v2.01 AMS text
(C:/Users/Usuarix/AppData/Local/Programs/MiKTeX/tex/latex/amsmath/amsgen.sty
File: amsgen.sty 1999/11/30 v2.0 generic functions
\@emptytoks=\toks19
\ex@=\dimen149
)) (C:/Users/Usuarix/AppData/Local/Programs/MiKTeX/tex/latex/amsmath/amsbsy.sty
Package: amsbsy 1999/11/29 v1.2d Bold Symbols
\pmbraise@=\dimen150
) (C:/Users/Usuarix/AppData/Local/Programs/MiKTeX/tex/latex/amsmath/amsopn.sty
Package: amsopn 2022/04/08 v2.04 operator names
)
\inf@bad=\count195
LaTeX Info: Redefining \frac on input line 236.
\uproot@=\count196
\leftroot@=\count197
LaTeX Info: Redefining \overline on input line 399.
LaTeX Info: Redefining \colon on input line 410.
\classnum@=\count198
\DOTSCASE@=\count199
LaTeX Info: Redefining \ldots on input line 496.
LaTeX Info: Redefining \dots on input line 499.
LaTeX Info: Redefining \cdots on input line 620.
\Mathstrutbox@=\box51
\strutbox@=\box52
LaTeX Info: Redefining \big on input line 722.
LaTeX Info: Redefining \Big on input line 723.
LaTeX Info: Redefining \bigg on input line 724.
LaTeX Info: Redefining \Bigg on input line 725.
\big@size=\dimen151
LaTeX Font Info:    Redeclaring font encoding OML on input line 743.
LaTeX Font Info:    Redeclaring font encoding OMS on input line 744.
\macc@depth=\count266
LaTeX Info: Redefining \bmod on input line 905.
LaTeX Info: Redefining \pmod on input line 910.
LaTeX Info: Redefining \smash on input line 940.
LaTeX Info: Redefining \relbar on input line 970.
LaTeX Info: Redefining \Relbar on input line 971.
\c@MaxMatrixCols=\count267
\dotsspace@=\muskip16
\c@parentequation=\count268
\dspbrk@lvl=\count269
\tag@help=\toks20
\row@=\count270
\column@=\count271
\maxfields@=\count272
\andhelp@=\toks21
\eqnshift@=\dimen152
\alignsep@=\dimen153
\tagshift@=\dimen154
\tagwidth@=\dimen155
\totwidth@=\dimen156
\lineht@=\dimen157
\@envbody=\toks22
\multlinegap=\skip51
\multlinetaggap=\skip52
\mathdisplay@stack=\toks23
LaTeX Info: Redefining \[ on input line 2953.
LaTeX Info: Redefining \] on input line 2954.
) (C:/Users/Usuarix/AppData/Local/Programs/MiKTeX/tex/latex/base/latexsym.sty
Package: latexsym 1998/08/17 v2.2e Standard LaTeX package (lasy symbols)
\symlasy=\mathgroup4
LaTeX Font Info:    Overwriting symbol font `lasy' in version `bold'
(Font)                  U/lasy/m/n --> U/lasy/b/n on input line 52.
) (C:/Users/Usuarix/AppData/Local/Programs/MiKTeX/tex/latex/amsfonts/amssymb.st
y
Package: amssymb 2013/01/14 v3.01 AMS font symbols

(C:/Users/Usuarix/AppData/Local/Programs/MiKTeX/tex/latex/amsfonts/amsfonts.sty
Package: amsfonts 2013/01/14 v3.01 Basic AMSFonts support
\symAMSa=\mathgroup5
\symAMSb=\mathgroup6
LaTeX Font Info:    Redeclaring math symbol \hbar on input line 98.
LaTeX Font Info:    Overwriting math alphabet `\mathfrak' in version `bold'
(Font)                  U/euf/m/n --> U/euf/b/n on input line 106.
)) (C:/Users/Usuarix/AppData/Local/Programs/MiKTeX/tex/latex/amsmath/amsxtra.st
y
Package: amsxtra 1999/11/15 v1.2c AMS extra commands
LaTeX Info: Redefining \nobreakspace on input line 54.
) (C:/Users/Usuarix/AppData/Local/Programs/MiKTeX/tex/latex/amsmath/amscd.sty
Package: amscd 2017/04/14 v2.1 AMS Commutative Diagrams
\athelp@=\toks24
\minaw@=\dimen158
\bigaw@=\dimen159
\minCDarrowwidth=\dimen160
) (C:/Users/Usuarix/AppData/Local/Programs/MiKTeX/tex/latex/amscls/amsthm.sty
Package: amsthm 2020/05/29 v2.20.6
\thm@style=\toks25
\thm@bodyfont=\toks26
\thm@headfont=\toks27
\thm@notefont=\toks28
\thm@headpunct=\toks29
\thm@preskip=\skip53
\thm@postskip=\skip54
\thm@headsep=\skip55
\dth@everypar=\toks30
) (C:/Users/Usuarix/AppData/Local/Programs/MiKTeX/tex/latex/lm/lmodern.sty
Package: lmodern 2015/05/01 v1.6.1 Latin Modern Fonts
LaTeX Font Info:    Overwriting symbol font `operators' in version `normal'
(Font)                  OT1/cmr/m/n --> OT1/lmr/m/n on input line 22.
LaTeX Font Info:    Overwriting symbol font `letters' in version `normal'
(Font)                  OML/cmm/m/it --> OML/lmm/m/it on input line 23.
LaTeX Font Info:    Overwriting symbol font `symbols' in version `normal'
(Font)                  OMS/cmsy/m/n --> OMS/lmsy/m/n on input line 24.
LaTeX Font Info:    Overwriting symbol font `largesymbols' in version `normal'
(Font)                  OMX/cmex/m/n --> OMX/lmex/m/n on input line 25.
LaTeX Font Info:    Overwriting symbol font `operators' in version `bold'
(Font)                  OT1/cmr/bx/n --> OT1/lmr/bx/n on input line 26.
LaTeX Font Info:    Overwriting symbol font `letters' in version `bold'
(Font)                  OML/cmm/b/it --> OML/lmm/b/it on input line 27.
LaTeX Font Info:    Overwriting symbol font `symbols' in version `bold'
(Font)                  OMS/cmsy/b/n --> OMS/lmsy/b/n on input line 28.
LaTeX Font Info:    Overwriting symbol font `largesymbols' in version `bold'
(Font)                  OMX/cmex/m/n --> OMX/lmex/m/n on input line 29.
LaTeX Font Info:    Overwriting math alphabet `\mathbf' in version `normal'
(Font)                  OT1/cmr/bx/n --> OT1/lmr/bx/n on input line 31.
LaTeX Font Info:    Overwriting math alphabet `\mathsf' in version `normal'
(Font)                  OT1/cmss/m/n --> OT1/lmss/m/n on input line 32.
LaTeX Font Info:    Overwriting math alphabet `\mathit' in version `normal'
(Font)                  OT1/cmr/m/it --> OT1/lmr/m/it on input line 33.
LaTeX Font Info:    Overwriting math alphabet `\mathtt' in version `normal'
(Font)                  OT1/cmtt/m/n --> OT1/lmtt/m/n on input line 34.
LaTeX Font Info:    Overwriting math alphabet `\mathbf' in version `bold'
(Font)                  OT1/cmr/bx/n --> OT1/lmr/bx/n on input line 35.
LaTeX Font Info:    Overwriting math alphabet `\mathsf' in version `bold'
(Font)                  OT1/cmss/bx/n --> OT1/lmss/bx/n on input line 36.
LaTeX Font Info:    Overwriting math alphabet `\mathit' in version `bold'
(Font)                  OT1/cmr/bx/it --> OT1/lmr/bx/it on input line 37.
LaTeX Font Info:    Overwriting math alphabet `\mathtt' in version `bold'
(Font)                  OT1/cmtt/m/n --> OT1/lmtt/m/n on input line 38.
) (C:/Users/Usuarix/AppData/Local/Programs/MiKTeX/tex/latex/carlisle/slashed.st
y
Package: slashed 1997/01/16 v0.01 Feynman Slashed Character Notation (DPC)
)
(C:/Users/Usuarix/AppData/Local/Programs/MiKTeX/tex/latex/mathtools/mathtools.s
ty
Package: mathtools 2022/06/29 v1.29 mathematical typesetting tools
(C:/Users/Usuarix/AppData/Local/Programs/MiKTeX/tex/latex/tools/calc.sty
Package: calc 2017/05/25 v4.3 Infix arithmetic (KKT,FJ)
\calc@Acount=\count273
\calc@Bcount=\count274
\calc@Adimen=\dimen161
\calc@Bdimen=\dimen162
\calc@Askip=\skip56
\calc@Bskip=\skip57
LaTeX Info: Redefining \setlength on input line 80.
LaTeX Info: Redefining \addtolength on input line 81.
\calc@Ccount=\count275
\calc@Cskip=\skip58
)
(C:/Users/Usuarix/AppData/Local/Programs/MiKTeX/tex/latex/mathtools/mhsetup.sty
Package: mhsetup 2021/03/18 v1.4 programming setup (MH)
)
\g_MT_multlinerow_int=\count276
\l_MT_multwidth_dim=\dimen163
\origjot=\skip59
\l_MT_shortvdotswithinadjustabove_dim=\dimen164
\l_MT_shortvdotswithinadjustbelow_dim=\dimen165
\l_MT_above_intertext_sep=\dimen166
\l_MT_below_intertext_sep=\dimen167
\l_MT_above_shortintertext_sep=\dimen168
\l_MT_below_shortintertext_sep=\dimen169
\xmathstrut@box=\box53
\xmathstrut@dim=\dimen170
)
(C:/Users/Usuarix/AppData/Local/Programs/MiKTeX/tex/latex/microtype/microtype.s
ty
Package: microtype 2023/03/13 v3.1a Micro-typographical refinements (RS)

(C:/Users/Usuarix/AppData/Local/Programs/MiKTeX/tex/latex/etoolbox/etoolbox.sty
Package: etoolbox 2020/10/05 v2.5k e-TeX tools for LaTeX (JAW)
\etb@tempcnta=\count277
)
\MT@toks=\toks31
\MT@tempbox=\box54
\MT@count=\count278
LaTeX Info: Redefining \noprotrusionifhmode on input line 1059.
LaTeX Info: Redefining \leftprotrusion on input line 1060.
\MT@prot@toks=\toks32
LaTeX Info: Redefining \rightprotrusion on input line 1078.
LaTeX Info: Redefining \textls on input line 1368.
\MT@outer@kern=\dimen171
LaTeX Info: Redefining \textmicrotypecontext on input line 1988.
\MT@listname@count=\count279

(C:/Users/Usuarix/AppData/Local/Programs/MiKTeX/tex/latex/microtype/microtype-l
uatex.def
File: microtype-luatex.def 2023/03/13 v3.1a Definitions specific to luatex (RS)

Lua module: microtype 2023/03/13 3.1a microtype module.
Module microtype Info: overwriting function `keepligature' on input line 63
LaTeX Info: Redefining \lsstyle on input line 688.
LaTeX Info: Redefining \lslig on input line 688.
\MT@outer@space=\skip60
)
Package microtype Info: Loading configuration file microtype.cfg.

(C:/Users/Usuarix/AppData/Local/Programs/MiKTeX/tex/latex/microtype/microtype.c
fg
File: microtype.cfg 2023/03/13 v3.1a microtype main configuration file (RS)
))
(C:/Users/Usuarix/AppData/Local/Programs/MiKTeX/tex/latex/graphics/graphicx.sty
Package: graphicx 2021/09/16 v1.2d Enhanced LaTeX Graphics (DPC,SPQR)

(C:/Users/Usuarix/AppData/Local/Programs/MiKTeX/tex/latex/graphics/graphics.sty
Package: graphics 2022/03/10 v1.4e Standard LaTeX Graphics (DPC,SPQR)
(C:/Users/Usuarix/AppData/Local/Programs/MiKTeX/tex/latex/graphics/trig.sty
Package: trig 2021/08/11 v1.11 sin cos tan (DPC)
)
(C:/Users/Usuarix/AppData/Local/Programs/MiKTeX/tex/latex/graphics-cfg/graphics
.cfg
File: graphics.cfg 2016/06/04 v1.11 sample graphics configuration
)
Package graphics Info: Driver file: luatex.def on input line 107.

(C:/Users/Usuarix/AppData/Local/Programs/MiKTeX/tex/latex/graphics-def/luatex.d
ef
File: luatex.def 2022/09/22 v1.2d Graphics/color driver for luatex
))
\Gin@req@height=\dimen172
\Gin@req@width=\dimen173
) (C:/Users/Usuarix/AppData/Local/Programs/MiKTeX/tex/latex/cancel/cancel.sty
Package: cancel 2013/04/12 v2.2 Cancel math terms
)
(C:/Users/Usuarix/AppData/Local/Programs/MiKTeX/tex/generic/mleftright/mleftrig
ht.sty
Package: mleftright 2019/12/03 v1.2 Math left/right delim. as open/close (HO)

(C:/Users/Usuarix/AppData/Local/Programs/MiKTeX/tex/generic/infwarerr/infwarerr
.sty
Package: infwarerr 2019/12/03 v1.5 Providing info/warning/error messages (HO)
)
(C:/Users/Usuarix/AppData/Local/Programs/MiKTeX/tex/generic/ltxcmds/ltxcmds.sty
Package: ltxcmds 2020-05-10 v1.25 LaTeX kernel commands for general use (HO)
)) (C:/Users/Usuarix/AppData/Local/Programs/MiKTeX/tex/latex/mathtools/empheq.s
ty
Package: empheq 2017/03/31 v2.15 Emphasizing equations
\l_EQ_equationtype_int=\count280
\l_EQ_alignmentmode_int=\count281
\l_EQ_totalwidth_dim=\dimen174
\l_EQ_displaywidth_dim=\dimen175
\l_EQ_temp_linewidth_dim=\dimen176
\l_EQ_linewidth_dim=\dimen177
\EmphEqdelimitershortfall=\dimen178
\EmphEqdelimiterfactor=\count282
\g_EQ_toptag_height_dim=\dimen179
\g_EQ_bottomtag_depth_dim=\dimen180
\g_EQ_toprow_height_dim=\dimen181
\g_EQ_bottomrow_depth_dim=\dimen182
\g_EQ_widesttag_dim=\dimen183
\EQ_mathdisplay_box=\box55
\EQ_tag_box=\box56
\g_EQ_temprow_int=\count283
)
(C:/Users/Usuarix/AppData/Local/Programs/MiKTeX/tex/latex/pdfpages/pdfpages.sty
Package: pdfpages 2022/12/19 v0.5x Insert pages of external PDF documents (AM)
(C:/Users/Usuarix/AppData/Local/Programs/MiKTeX/tex/latex/base/ifthen.sty
Package: ifthen 2022/04/13 v1.1d Standard LaTeX ifthen package (DPC)
) (C:/Users/Usuarix/AppData/Local/Programs/MiKTeX/tex/latex/eso-pic/eso-pic.sty
Package: eso-pic 2023/05/03 v3.0c eso-pic (RN)
\ESO@tempdima=\dimen184
\ESO@tempdimb=\dimen185
(C:/Users/Usuarix/AppData/Local/Programs/MiKTeX/tex/latex/xcolor/xcolor.sty
Package: xcolor 2022/06/12 v2.14 LaTeX color extensions (UK)

(C:/Users/Usuarix/AppData/Local/Programs/MiKTeX/tex/latex/graphics-cfg/color.cf
g
File: color.cfg 2016/01/02 v1.6 sample color configuration
)
Package xcolor Info: Driver file: luatex.def on input line 227.

(C:/Users/Usuarix/AppData/Local/Programs/MiKTeX/tex/latex/graphics/mathcolor.lt
x)
Package xcolor Info: Model `cmy' substituted by `cmy0' on input line 1353.
Package xcolor Info: Model `hsb' substituted by `rgb' on input line 1357.
Package xcolor Info: Model `RGB' extended on input line 1369.
Package xcolor Info: Model `HTML' substituted by `rgb' on input line 1371.
Package xcolor Info: Model `Hsb' substituted by `hsb' on input line 1372.
Package xcolor Info: Model `tHsb' substituted by `hsb' on input line 1373.
Package xcolor Info: Model `HSB' substituted by `hsb' on input line 1374.
Package xcolor Info: Model `Gray' substituted by `gray' on input line 1375.
Package xcolor Info: Model `wave' substituted by `hsb' on input line 1376.
))
\AM@pagewidth=\dimen186
\AM@pageheight=\dimen187
\AM@fboxrule=\dimen188

(C:/Users/Usuarix/AppData/Local/Programs/MiKTeX/tex/latex/pdfpages/ppluatex.def
File: ppluatex.def 2022/12/19 v0.5x Pdfpages driver for LuaTeX (AM)
)
\pdfpages@includegraphics@status=\count284
\AM@pagebox=\box57
\AM@global@opts=\toks33
\AM@pagecnt=\count285
\AM@toc@title=\toks34
\AM@lof@heading=\toks35
\c@AM@survey=\count286
\AM@templatesizebox=\box58
) (C:/Users/Usuarix/AppData/Local/Programs/MiKTeX/tex/latex/preprint/authblk.st
y
Package: authblk 2001/02/27 1.3 (PWD)
\affilsep=\skip61
\@affilsep=\skip62
\c@Maxaffil=\count287
\c@authors=\count288
\c@affil=\count289
) (C:/Users/Usuarix/AppData/Local/Programs/MiKTeX/tex/latex/siunitx/siunitx.sty
Package: siunitx 2023-10-07 v3.3.7 A comprehensive (SI) units package
\l__siunitx_number_uncert_offset_int=\count290
\l__siunitx_number_exponent_fixed_int=\count291
\l__siunitx_number_min_decimal_int=\count292
\l__siunitx_number_min_integer_int=\count293
\l__siunitx_number_round_precision_int=\count294
\l__siunitx_number_lower_threshold_int=\count295
\l__siunitx_number_upper_threshold_int=\count296
\l__siunitx_number_group_first_int=\count297
\l__siunitx_number_group_size_int=\count298
\l__siunitx_number_group_minimum_int=\count299
\l__siunitx_angle_tmp_dim=\dimen189
\l__siunitx_angle_marker_box=\box59
\l__siunitx_angle_unit_box=\box60
\l__siunitx_compound_count_int=\count300

(C:/Users/Usuarix/AppData/Local/Programs/MiKTeX/tex/latex/translations/translat
ions.sty
Package: translations 2022/02/05 v1.12 internationalization of LaTeX2e packages
 (CN)

(C:/Users/Usuarix/AppData/Local/Programs/MiKTeX/tex/generic/pdftexcmds/pdftexcm
ds.sty
Package: pdftexcmds 2020-06-27 v0.33 Utility functions of pdfTeX for LuaTeX (HO
)
Package pdftexcmds Info: \pdf@primitive is available.
Package pdftexcmds Info: \pdf@ifprimitive is available.
Package pdftexcmds Info: \pdfdraftmode found.
\pdftexcmds@toks=\toks36
))
\l__siunitx_table_tmp_box=\box61
\l__siunitx_table_tmp_dim=\dimen190
\l__siunitx_table_column_width_dim=\dimen191
\l__siunitx_table_integer_box=\box62
\l__siunitx_table_decimal_box=\box63
\l__siunitx_table_uncert_box=\box64
\l__siunitx_table_before_box=\box65
\l__siunitx_table_after_box=\box66
\l__siunitx_table_before_dim=\dimen192
\l__siunitx_table_carry_dim=\dimen193
\l__siunitx_unit_tmp_int=\count301
\l__siunitx_unit_position_int=\count302
\l__siunitx_unit_total_int=\count303
(C:/Users/Usuarix/AppData/Local/Programs/MiKTeX/tex/latex/tools/array.sty
Package: array 2022/09/04 v2.5g Tabular extension package (FMi)
\col@sep=\dimen194
\ar@mcellbox=\box67
\extrarowheight=\dimen195
\NC@list=\toks37
\extratabsurround=\skip63
\backup@length=\skip64
\ar@cellbox=\box68
))
(C:/Users/Usuarix/AppData/Local/Programs/MiKTeX/tex/latex/appendix/appendix.sty
Package: appendix 2020/02/08 v1.2c extra appendix facilities
\c@@pps=\count304
\c@@ppsavesec=\count305
\c@@ppsaveapp=\count306
)
(C:/Users/Usuarix/AppData/Local/Programs/MiKTeX/tex/latex/jknappen/mathrsfs.sty
Package: mathrsfs 1996/01/01 Math RSFS package v1.0 (jk)
\symrsfs=\mathgroup7
)
(C:/Users/Usuarix/AppData/Local/Programs/MiKTeX/tex/generic/mathdots/mathdots.s
ty
Package: mathdots 2014/06/11 v0.9 Improve and add various macros for dots in ma
th.
\MDo@unit=\dimen196
\MDo@dotsbox=\box69
\MDoprekern=\muskip17
\MDopostkern=\muskip18
\MDodotkern=\muskip19
) (C:/Users/Usuarix/AppData/Local/Programs/MiKTeX/tex/latex/physics/physics.sty
Package: physics 

(C:/Users/Usuarix/AppData/Local/Programs/MiKTeX/tex/latex/l3packages/xparse/xpa
rse.sty (C:/Users/Usuarix/AppData/Local/Programs/MiKTeX/tex/latex/l3kernel/expl
3.sty
Package: expl3 2023-08-29 L3 programming layer (loader) 

(C:/Users/Usuarix/AppData/Local/Programs/MiKTeX/tex/latex/l3backend/l3backend-l
uatex.def
File: l3backend-luatex.def 2023-04-19 L3 backend support: PDF output (LuaTeX)
\l__color_backend_stack_int=\count307
Inserting `l3color' in `luaotfload.parse_color'.
\l__pdf_internal_box=\box70
))
Package: xparse 2023-08-29 L3 Experimental document command parser
)) (C:/Users/Usuarix/AppData/Local/Programs/MiKTeX/tex/latex/float/float.sty
Package: float 2001/11/08 v1.3d Float enhancements (AL)
\c@float@type=\count308
\float@exts=\toks38
\float@box=\box71
\@float@everytoks=\toks39
\@floatcapt=\box72
) (C:/Users/Usuarix/AppData/Local/Programs/MiKTeX/tex/latex/caption/caption.sty
Package: caption 2023/08/05 v3.6o Customizing captions (AR)
(C:/Users/Usuarix/AppData/Local/Programs/MiKTeX/tex/latex/caption/caption3.sty
Package: caption3 2023/07/31 v2.4d caption3 kernel (AR)
\caption@tempdima=\dimen197
\captionmargin=\dimen198
\caption@leftmargin=\dimen199
\caption@rightmargin=\dimen256
\caption@width=\dimen257
\caption@indent=\dimen258
\caption@parindent=\dimen259
\caption@hangindent=\dimen260
Package caption Info: Standard document class detected.
)
\c@caption@flags=\count309
\c@continuedfloat=\count310
Package caption Info: float package is loaded.
)
(C:/Users/Usuarix/AppData/Local/Programs/MiKTeX/tex/latex/pgf/frontendlayer/tik
z.sty
(C:/Users/Usuarix/AppData/Local/Programs/MiKTeX/tex/latex/pgf/basiclayer/pgf.st
y
(C:/Users/Usuarix/AppData/Local/Programs/MiKTeX/tex/latex/pgf/utilities/pgfrcs.
sty
(C:/Users/Usuarix/AppData/Local/Programs/MiKTeX/tex/generic/pgf/utilities/pgfut
il-common.tex
\pgfutil@everybye=\toks40
\pgfutil@tempdima=\dimen261
\pgfutil@tempdimb=\dimen262
)
(C:/Users/Usuarix/AppData/Local/Programs/MiKTeX/tex/generic/pgf/utilities/pgfut
il-latex.def
\pgfutil@abb=\box73
)
(C:/Users/Usuarix/AppData/Local/Programs/MiKTeX/tex/generic/pgf/utilities/pgfrc
s.code.tex
(C:/Users/Usuarix/AppData/Local/Programs/MiKTeX/tex/generic/pgf/pgf.revision.te
x)
Package: pgfrcs 2023-01-15 v3.1.10 (3.1.10)
))
Package: pgf 2023-01-15 v3.1.10 (3.1.10)

(C:/Users/Usuarix/AppData/Local/Programs/MiKTeX/tex/latex/pgf/basiclayer/pgfcor
e.sty
(C:/Users/Usuarix/AppData/Local/Programs/MiKTeX/tex/latex/pgf/systemlayer/pgfsy
s.sty
(C:/Users/Usuarix/AppData/Local/Programs/MiKTeX/tex/generic/pgf/systemlayer/pgf
sys.code.tex
Package: pgfsys 2023-01-15 v3.1.10 (3.1.10)

(C:/Users/Usuarix/AppData/Local/Programs/MiKTeX/tex/generic/pgf/utilities/pgfke
ys.code.tex
\pgfkeys@pathtoks=\toks41
\pgfkeys@temptoks=\toks42

(C:/Users/Usuarix/AppData/Local/Programs/MiKTeX/tex/generic/pgf/utilities/pgfke
yslibraryfiltered.code.tex
\pgfkeys@tmptoks=\toks43
))
\pgf@x=\dimen263
\pgf@y=\dimen264
\pgf@xa=\dimen265
\pgf@ya=\dimen266
\pgf@xb=\dimen267
\pgf@yb=\dimen268
\pgf@xc=\dimen269
\pgf@yc=\dimen270
\pgf@xd=\dimen271
\pgf@yd=\dimen272
\w@pgf@writea=\write3
\r@pgf@reada=\read3
\c@pgf@counta=\count311
\c@pgf@countb=\count312
\c@pgf@countc=\count313
\c@pgf@countd=\count314
\t@pgf@toka=\toks44
\t@pgf@tokb=\toks45
\t@pgf@tokc=\toks46
\pgf@sys@id@count=\count315

(C:/Users/Usuarix/AppData/Local/Programs/MiKTeX/tex/generic/pgf/systemlayer/pgf
.cfg
File: pgf.cfg 2023-01-15 v3.1.10 (3.1.10)
)
Driver file for pgf: pgfsys-luatex.def

(C:/Users/Usuarix/AppData/Local/Programs/MiKTeX/tex/generic/pgf/systemlayer/pgf
sys-luatex.def
File: pgfsys-luatex.def 2023-01-15 v3.1.10 (3.1.10)

(C:/Users/Usuarix/AppData/Local/Programs/MiKTeX/tex/generic/pgf/systemlayer/pgf
sys-common-pdf.def
File: pgfsys-common-pdf.def 2023-01-15 v3.1.10 (3.1.10)
)))
(C:/Users/Usuarix/AppData/Local/Programs/MiKTeX/tex/generic/pgf/systemlayer/pgf
syssoftpath.code.tex
File: pgfsyssoftpath.code.tex 2023-01-15 v3.1.10 (3.1.10)
\pgfsyssoftpath@smallbuffer@items=\count316
\pgfsyssoftpath@bigbuffer@items=\count317
)
(C:/Users/Usuarix/AppData/Local/Programs/MiKTeX/tex/generic/pgf/systemlayer/pgf
sysprotocol.code.tex
File: pgfsysprotocol.code.tex 2023-01-15 v3.1.10 (3.1.10)
))
(C:/Users/Usuarix/AppData/Local/Programs/MiKTeX/tex/generic/pgf/basiclayer/pgfc
ore.code.tex
Package: pgfcore 2023-01-15 v3.1.10 (3.1.10)

(C:/Users/Usuarix/AppData/Local/Programs/MiKTeX/tex/generic/pgf/math/pgfmath.co
de.tex
(C:/Users/Usuarix/AppData/Local/Programs/MiKTeX/tex/generic/pgf/math/pgfmathuti
l.code.tex)
(C:/Users/Usuarix/AppData/Local/Programs/MiKTeX/tex/generic/pgf/math/pgfmathpar
ser.code.tex
\pgfmath@dimen=\dimen273
\pgfmath@count=\count318
\pgfmath@box=\box74
\pgfmath@toks=\toks47
\pgfmath@stack@operand=\toks48
\pgfmath@stack@operation=\toks49
)
(C:/Users/Usuarix/AppData/Local/Programs/MiKTeX/tex/generic/pgf/math/pgfmathfun
ctions.code.tex)
(C:/Users/Usuarix/AppData/Local/Programs/MiKTeX/tex/generic/pgf/math/pgfmathfun
ctions.basic.code.tex)
(C:/Users/Usuarix/AppData/Local/Programs/MiKTeX/tex/generic/pgf/math/pgfmathfun
ctions.trigonometric.code.tex)
(C:/Users/Usuarix/AppData/Local/Programs/MiKTeX/tex/generic/pgf/math/pgfmathfun
ctions.random.code.tex)
(C:/Users/Usuarix/AppData/Local/Programs/MiKTeX/tex/generic/pgf/math/pgfmathfun
ctions.comparison.code.tex)
(C:/Users/Usuarix/AppData/Local/Programs/MiKTeX/tex/generic/pgf/math/pgfmathfun
ctions.base.code.tex)
(C:/Users/Usuarix/AppData/Local/Programs/MiKTeX/tex/generic/pgf/math/pgfmathfun
ctions.round.code.tex)
(C:/Users/Usuarix/AppData/Local/Programs/MiKTeX/tex/generic/pgf/math/pgfmathfun
ctions.misc.code.tex)
(C:/Users/Usuarix/AppData/Local/Programs/MiKTeX/tex/generic/pgf/math/pgfmathfun
ctions.integerarithmetics.code.tex)
(C:/Users/Usuarix/AppData/Local/Programs/MiKTeX/tex/generic/pgf/math/pgfmathcal
c.code.tex)
(C:/Users/Usuarix/AppData/Local/Programs/MiKTeX/tex/generic/pgf/math/pgfmathflo
at.code.tex
\c@pgfmathroundto@lastzeros=\count319
))
(C:/Users/Usuarix/AppData/Local/Programs/MiKTeX/tex/generic/pgf/math/pgfint.cod
e.tex)
(C:/Users/Usuarix/AppData/Local/Programs/MiKTeX/tex/generic/pgf/basiclayer/pgfc
orepoints.code.tex
File: pgfcorepoints.code.tex 2023-01-15 v3.1.10 (3.1.10)
\pgf@picminx=\dimen274
\pgf@picmaxx=\dimen275
\pgf@picminy=\dimen276
\pgf@picmaxy=\dimen277
\pgf@pathminx=\dimen278
\pgf@pathmaxx=\dimen279
\pgf@pathminy=\dimen280
\pgf@pathmaxy=\dimen281
\pgf@xx=\dimen282
\pgf@xy=\dimen283
\pgf@yx=\dimen284
\pgf@yy=\dimen285
\pgf@zx=\dimen286
\pgf@zy=\dimen287
)
(C:/Users/Usuarix/AppData/Local/Programs/MiKTeX/tex/generic/pgf/basiclayer/pgfc
orepathconstruct.code.tex
File: pgfcorepathconstruct.code.tex 2023-01-15 v3.1.10 (3.1.10)
\pgf@path@lastx=\dimen288
\pgf@path@lasty=\dimen289
)
(C:/Users/Usuarix/AppData/Local/Programs/MiKTeX/tex/generic/pgf/basiclayer/pgfc
orepathusage.code.tex
File: pgfcorepathusage.code.tex 2023-01-15 v3.1.10 (3.1.10)
\pgf@shorten@end@additional=\dimen290
\pgf@shorten@start@additional=\dimen291
)
(C:/Users/Usuarix/AppData/Local/Programs/MiKTeX/tex/generic/pgf/basiclayer/pgfc
orescopes.code.tex
File: pgfcorescopes.code.tex 2023-01-15 v3.1.10 (3.1.10)
\pgfpic=\box75
\pgf@hbox=\box76
\pgf@layerbox@main=\box77
\pgf@picture@serial@count=\count320
)
(C:/Users/Usuarix/AppData/Local/Programs/MiKTeX/tex/generic/pgf/basiclayer/pgfc
oregraphicstate.code.tex
File: pgfcoregraphicstate.code.tex 2023-01-15 v3.1.10 (3.1.10)
\pgflinewidth=\dimen292
)
(C:/Users/Usuarix/AppData/Local/Programs/MiKTeX/tex/generic/pgf/basiclayer/pgfc
oretransformations.code.tex
File: pgfcoretransformations.code.tex 2023-01-15 v3.1.10 (3.1.10)
\pgf@pt@x=\dimen293
\pgf@pt@y=\dimen294
\pgf@pt@temp=\dimen295
)
(C:/Users/Usuarix/AppData/Local/Programs/MiKTeX/tex/generic/pgf/basiclayer/pgfc
orequick.code.tex
File: pgfcorequick.code.tex 2023-01-15 v3.1.10 (3.1.10)
)
(C:/Users/Usuarix/AppData/Local/Programs/MiKTeX/tex/generic/pgf/basiclayer/pgfc
oreobjects.code.tex
File: pgfcoreobjects.code.tex 2023-01-15 v3.1.10 (3.1.10)
)
(C:/Users/Usuarix/AppData/Local/Programs/MiKTeX/tex/generic/pgf/basiclayer/pgfc
orepathprocessing.code.tex
File: pgfcorepathprocessing.code.tex 2023-01-15 v3.1.10 (3.1.10)
)
(C:/Users/Usuarix/AppData/Local/Programs/MiKTeX/tex/generic/pgf/basiclayer/pgfc
orearrows.code.tex
File: pgfcorearrows.code.tex 2023-01-15 v3.1.10 (3.1.10)
\pgfarrowsep=\dimen296
)
(C:/Users/Usuarix/AppData/Local/Programs/MiKTeX/tex/generic/pgf/basiclayer/pgfc
oreshade.code.tex
File: pgfcoreshade.code.tex 2023-01-15 v3.1.10 (3.1.10)
\pgf@max=\dimen297
\pgf@sys@shading@range@num=\count321
\pgf@shadingcount=\count322
)
(C:/Users/Usuarix/AppData/Local/Programs/MiKTeX/tex/generic/pgf/basiclayer/pgfc
oreimage.code.tex
File: pgfcoreimage.code.tex 2023-01-15 v3.1.10 (3.1.10)
)
(C:/Users/Usuarix/AppData/Local/Programs/MiKTeX/tex/generic/pgf/basiclayer/pgfc
oreexternal.code.tex
File: pgfcoreexternal.code.tex 2023-01-15 v3.1.10 (3.1.10)
\pgfexternal@startupbox=\box78
)
(C:/Users/Usuarix/AppData/Local/Programs/MiKTeX/tex/generic/pgf/basiclayer/pgfc
orelayers.code.tex
File: pgfcorelayers.code.tex 2023-01-15 v3.1.10 (3.1.10)
)
(C:/Users/Usuarix/AppData/Local/Programs/MiKTeX/tex/generic/pgf/basiclayer/pgfc
oretransparency.code.tex
File: pgfcoretransparency.code.tex 2023-01-15 v3.1.10 (3.1.10)
)
(C:/Users/Usuarix/AppData/Local/Programs/MiKTeX/tex/generic/pgf/basiclayer/pgfc
orepatterns.code.tex
File: pgfcorepatterns.code.tex 2023-01-15 v3.1.10 (3.1.10)
)
(C:/Users/Usuarix/AppData/Local/Programs/MiKTeX/tex/generic/pgf/basiclayer/pgfc
orerdf.code.tex
File: pgfcorerdf.code.tex 2023-01-15 v3.1.10 (3.1.10)
)))
(C:/Users/Usuarix/AppData/Local/Programs/MiKTeX/tex/generic/pgf/modules/pgfmodu
leshapes.code.tex
File: pgfmoduleshapes.code.tex 2023-01-15 v3.1.10 (3.1.10)
\pgfnodeparttextbox=\box79
)
(C:/Users/Usuarix/AppData/Local/Programs/MiKTeX/tex/generic/pgf/modules/pgfmodu
leplot.code.tex
File: pgfmoduleplot.code.tex 2023-01-15 v3.1.10 (3.1.10)
)
(C:/Users/Usuarix/AppData/Local/Programs/MiKTeX/tex/latex/pgf/compatibility/pgf
comp-version-0-65.sty
Package: pgfcomp-version-0-65 2023-01-15 v3.1.10 (3.1.10)
\pgf@nodesepstart=\dimen298
\pgf@nodesepend=\dimen299
)
(C:/Users/Usuarix/AppData/Local/Programs/MiKTeX/tex/latex/pgf/compatibility/pgf
comp-version-1-18.sty
Package: pgfcomp-version-1-18 2023-01-15 v3.1.10 (3.1.10)
))
(C:/Users/Usuarix/AppData/Local/Programs/MiKTeX/tex/latex/pgf/utilities/pgffor.
sty
(C:/Users/Usuarix/AppData/Local/Programs/MiKTeX/tex/latex/pgf/utilities/pgfkeys
.sty
(C:/Users/Usuarix/AppData/Local/Programs/MiKTeX/tex/generic/pgf/utilities/pgfke
ys.code.tex)) (C:/Users/Usuarix/AppData/Local/Programs/MiKTeX/tex/latex/pgf/mat
h/pgfmath.sty
(C:/Users/Usuarix/AppData/Local/Programs/MiKTeX/tex/generic/pgf/math/pgfmath.co
de.tex))
(C:/Users/Usuarix/AppData/Local/Programs/MiKTeX/tex/generic/pgf/utilities/pgffo
r.code.tex
Package: pgffor 2023-01-15 v3.1.10 (3.1.10)
\pgffor@iter=\dimen300
\pgffor@skip=\dimen301
\pgffor@stack=\toks50
\pgffor@toks=\toks51
))
(C:/Users/Usuarix/AppData/Local/Programs/MiKTeX/tex/generic/pgf/frontendlayer/t
ikz/tikz.code.tex
Package: tikz 2023-01-15 v3.1.10 (3.1.10)

(C:/Users/Usuarix/AppData/Local/Programs/MiKTeX/tex/generic/pgf/libraries/pgfli
braryplothandlers.code.tex
File: pgflibraryplothandlers.code.tex 2023-01-15 v3.1.10 (3.1.10)
\pgf@plot@mark@count=\count323
\pgfplotmarksize=\dimen302
)
\tikz@lastx=\dimen303
\tikz@lasty=\dimen304
\tikz@lastxsaved=\dimen305
\tikz@lastysaved=\dimen306
\tikz@lastmovetox=\dimen307
\tikz@lastmovetoy=\dimen308
\tikzleveldistance=\dimen309
\tikzsiblingdistance=\dimen310
\tikz@figbox=\box80
\tikz@figbox@bg=\box81
\tikz@tempbox=\box82
\tikz@tempbox@bg=\box83
\tikztreelevel=\count324
\tikznumberofchildren=\count325
\tikznumberofcurrentchild=\count326
\tikz@fig@count=\count327

(C:/Users/Usuarix/AppData/Local/Programs/MiKTeX/tex/generic/pgf/modules/pgfmodu
lematrix.code.tex
File: pgfmodulematrix.code.tex 2023-01-15 v3.1.10 (3.1.10)
\pgfmatrixcurrentrow=\count328
\pgfmatrixcurrentcolumn=\count329
\pgf@matrix@numberofcolumns=\count330
)
\tikz@expandcount=\count331

(C:/Users/Usuarix/AppData/Local/Programs/MiKTeX/tex/generic/pgf/frontendlayer/t
ikz/libraries/tikzlibrarytopaths.code.tex
File: tikzlibrarytopaths.code.tex 2023-01-15 v3.1.10 (3.1.10)
))) (C:/Users/Usuarix/AppData/Local/Programs/MiKTeX/tex/latex/tikz-cd/tikz-cd.s
ty
Package: tikz-cd 2021/05/04 v1.0 Commutative diagrams with TikZ

(C:/Users/Usuarix/AppData/Local/Programs/MiKTeX/tex/latex/tikz-cd/tikzlibrarycd
.code.tex
(C:/Users/Usuarix/AppData/Local/Programs/MiKTeX/tex/generic/pgf/frontendlayer/t
ikz/libraries/tikzlibrarymatrix.code.tex
File: tikzlibrarymatrix.code.tex 2023-01-15 v3.1.10 (3.1.10)
)
(C:/Users/Usuarix/AppData/Local/Programs/MiKTeX/tex/generic/pgf/frontendlayer/t
ikz/libraries/tikzlibraryquotes.code.tex
File: tikzlibraryquotes.code.tex 2023-01-15 v3.1.10 (3.1.10)
)
(C:/Users/Usuarix/AppData/Local/Programs/MiKTeX/tex/generic/pgf/libraries/pgfli
braryarrows.meta.code.tex
File: pgflibraryarrows.meta.code.tex 2023-01-15 v3.1.10 (3.1.10)
\pgfarrowinset=\dimen311
\pgfarrowlength=\dimen312
\pgfarrowwidth=\dimen313
\pgfarrowlinewidth=\dimen314
)))
(C:/Users/Usuarix/AppData/Local/Programs/MiKTeX/tex/latex/pgfplots/pgfplots.sty

(C:/Users/Usuarix/AppData/Local/Programs/MiKTeX/tex/generic/pgfplots/pgfplots.r
evision.tex)
Package: pgfplots 2021/05/15 v1.18.1 Data Visualization (1.18.1)

(C:/Users/Usuarix/AppData/Local/Programs/MiKTeX/tex/generic/pgfplots/pgfplots.c
ode.tex
(C:/Users/Usuarix/AppData/Local/Programs/MiKTeX/tex/generic/pgfplots/pgfplotsco
re.code.tex
Package pgfplots info on input line 124: Initializing with LUA version Lua 5.3
\pgfplots@luabackend@table=\catcodetable16
\t@pgfplots@toka=\toks52
\t@pgfplots@tokb=\toks53
\t@pgfplots@tokc=\toks54
\pgfplots@tmpa=\dimen315
\c@pgfplots@coordindex=\count332
\c@pgfplots@scanlineindex=\count333

(C:/Users/Usuarix/AppData/Local/Programs/MiKTeX/tex/generic/pgfplots/sys/pgfplo
tssysgeneric.code.tex))
(C:/Users/Usuarix/AppData/Local/Programs/MiKTeX/tex/generic/pgfplots/libs/pgfpl
otslibrary.code.tex)
(C:/Users/Usuarix/AppData/Local/Programs/MiKTeX/tex/generic/pgfplots/oldpgfcomp
atib/pgfplotsoldpgfsupp_loader.code.tex
(C:/Users/Usuarix/AppData/Local/Programs/MiKTeX/tex/generic/pgf/libraries/pgfli
braryfpu.code.tex)
Package pgfplots: loading complementary utilities for your pgf version...
\t@pgf@toka=\toks55
\t@pgf@tokb=\toks56
\t@pgf@tokc=\toks57

(C:/Users/Usuarix/AppData/Local/Programs/MiKTeX/tex/generic/pgfplots/oldpgfcomp
atib/pgfplotsoldpgfsupp_pgfutil-common-lists.tex)
(C:/Users/Usuarix/AppData/Local/Programs/MiKTeX/tex/generic/pgf/libraries/luama
th/pgflibraryluamath.code.tex)
Package pgfplots info on input line 290: luamath library shipped with pgf 3.1.1
0 is up-to-date
)
(C:/Users/Usuarix/AppData/Local/Programs/MiKTeX/tex/generic/pgfplots/util/pgfpl
otsutil.code.tex
Package pgfplots info on input line 82: Found new luatex: initializing lua comm
ands instead of write18 (shell-escape)

(C:/Users/Usuarix/AppData/Local/Programs/MiKTeX/tex/generic/pgfplots/liststruct
ure/pgfplotsliststructure.code.tex)
(C:/Users/Usuarix/AppData/Local/Programs/MiKTeX/tex/generic/pgfplots/liststruct
ure/pgfplotsliststructureext.code.tex)
(C:/Users/Usuarix/AppData/Local/Programs/MiKTeX/tex/generic/pgfplots/liststruct
ure/pgfplotsarray.code.tex
\c@pgfplotsarray@tmp=\count334
)
(C:/Users/Usuarix/AppData/Local/Programs/MiKTeX/tex/generic/pgfplots/liststruct
ure/pgfplotsmatrix.code.tex)
(C:/Users/Usuarix/AppData/Local/Programs/MiKTeX/tex/generic/pgfplots/numtable/p
gfplotstableshared.code.tex
\c@pgfplotstable@counta=\count335
\t@pgfplotstable@a=\toks58
)
(C:/Users/Usuarix/AppData/Local/Programs/MiKTeX/tex/generic/pgfplots/liststruct
ure/pgfplotsdeque.code.tex)
(C:/Users/Usuarix/AppData/Local/Programs/MiKTeX/tex/generic/pgfplots/util/pgfpl
otsbinary.code.tex
(C:/Users/Usuarix/AppData/Local/Programs/MiKTeX/tex/generic/pgfplots/util/pgfpl
otsbinary.data.code.tex))
(C:/Users/Usuarix/AppData/Local/Programs/MiKTeX/tex/generic/pgfplots/util/pgfpl
otsutil.verb.code.tex)
(C:/Users/Usuarix/AppData/Local/Programs/MiKTeX/tex/generic/pgfplots/libs/pgfli
brarypgfplots.surfshading.code.tex
\c@pgfplotslibrarysurf@no=\count336

(C:/Users/Usuarix/AppData/Local/Programs/MiKTeX/tex/generic/pgfplots/sys/pgflib
rarypgfplots.surfshading.pgfsys-luatex.def)))
(C:/Users/Usuarix/AppData/Local/Programs/MiKTeX/tex/generic/pgfplots/util/pgfpl
otscolormap.code.tex
(C:/Users/Usuarix/AppData/Local/Programs/MiKTeX/tex/generic/pgfplots/util/pgfpl
otscolor.code.tex))
(C:/Users/Usuarix/AppData/Local/Programs/MiKTeX/tex/generic/pgfplots/pgfplotsst
ackedplots.code.tex)
(C:/Users/Usuarix/AppData/Local/Programs/MiKTeX/tex/generic/pgfplots/pgfplotspl
othandlers.code.tex
(C:/Users/Usuarix/AppData/Local/Programs/MiKTeX/tex/generic/pgfplots/pgfplotsme
shplothandler.code.tex
(C:/Users/Usuarix/AppData/Local/Programs/MiKTeX/tex/generic/pgfplots/pgfplotsme
shplotimage.code.tex)))
(C:/Users/Usuarix/AppData/Local/Programs/MiKTeX/tex/generic/pgfplots/pgfplots.s
caling.code.tex)
(C:/Users/Usuarix/AppData/Local/Programs/MiKTeX/tex/generic/pgfplots/pgfplotsco
ordprocessing.code.tex)
(C:/Users/Usuarix/AppData/Local/Programs/MiKTeX/tex/generic/pgfplots/pgfplots.e
rrorbars.code.tex)
(C:/Users/Usuarix/AppData/Local/Programs/MiKTeX/tex/generic/pgfplots/pgfplots.m
arkers.code.tex)
(C:/Users/Usuarix/AppData/Local/Programs/MiKTeX/tex/generic/pgfplots/pgfplotsti
cks.code.tex)
(C:/Users/Usuarix/AppData/Local/Programs/MiKTeX/tex/generic/pgfplots/pgfplots.p
aths.code.tex)
(C:/Users/Usuarix/AppData/Local/Programs/MiKTeX/tex/generic/pgf/frontendlayer/t
ikz/libraries/tikzlibrarydecorations.code.tex
(C:/Users/Usuarix/AppData/Local/Programs/MiKTeX/tex/generic/pgf/modules/pgfmodu
ledecorations.code.tex
\pgfdecoratedcompleteddistance=\dimen316
\pgfdecoratedremainingdistance=\dimen317
\pgfdecoratedinputsegmentcompleteddistance=\dimen318
\pgfdecoratedinputsegmentremainingdistance=\dimen319
\pgf@decorate@distancetomove=\dimen320
\pgf@decorate@repeatstate=\count337
\pgfdecorationsegmentamplitude=\dimen321
\pgfdecorationsegmentlength=\dimen322
)
\tikz@lib@dec@box=\box84
)
(C:/Users/Usuarix/AppData/Local/Programs/MiKTeX/tex/generic/pgf/frontendlayer/t
ikz/libraries/tikzlibrarydecorations.pathmorphing.code.tex
(C:/Users/Usuarix/AppData/Local/Programs/MiKTeX/tex/generic/pgf/libraries/decor
ations/pgflibrarydecorations.pathmorphing.code.tex))
(C:/Users/Usuarix/AppData/Local/Programs/MiKTeX/tex/generic/pgf/frontendlayer/t
ikz/libraries/tikzlibrarydecorations.pathreplacing.code.tex
(C:/Users/Usuarix/AppData/Local/Programs/MiKTeX/tex/generic/pgf/libraries/decor
ations/pgflibrarydecorations.pathreplacing.code.tex))
(C:/Users/Usuarix/AppData/Local/Programs/MiKTeX/tex/generic/pgfplots/libs/tikzl
ibrarypgfplots.contourlua.code.tex)
\pgfplots@numplots=\count338
\pgfplots@xmin@reg=\dimen323
\pgfplots@xmax@reg=\dimen324
\pgfplots@ymin@reg=\dimen325
\pgfplots@ymax@reg=\dimen326
\pgfplots@zmin@reg=\dimen327
\pgfplots@zmax@reg=\dimen328
)
(C:/Users/Usuarix/AppData/Local/Programs/MiKTeX/tex/generic/pgf/frontendlayer/t
ikz/libraries/tikzlibraryplotmarks.code.tex
File: tikzlibraryplotmarks.code.tex 2023-01-15 v3.1.10 (3.1.10)

(C:/Users/Usuarix/AppData/Local/Programs/MiKTeX/tex/generic/pgf/libraries/pgfli
braryplotmarks.code.tex
File: pgflibraryplotmarks.code.tex 2023-01-15 v3.1.10 (3.1.10)
)))
(C:/Users/Usuarix/AppData/Local/Programs/MiKTeX/tex/latex/placeins/placeins.sty
Package: placeins 2005/04/18  v 2.2
)
(C:/Users/Usuarix/AppData/Local/Programs/MiKTeX/tex/generic/pgf/frontendlayer/t
ikz/libraries/tikzlibrarycalc.code.tex
File: tikzlibrarycalc.code.tex 2023-01-15 v3.1.10 (3.1.10)
)
(C:/Users/Usuarix/AppData/Local/Programs/MiKTeX/tex/generic/pgf/frontendlayer/t
ikz/libraries/tikzlibraryintersections.code.tex
(C:/Users/Usuarix/AppData/Local/Programs/MiKTeX/tex/generic/pgf/libraries/pgfli
braryintersections.code.tex
\pgf@intersect@solutions=\count339
))
(C:/Users/Usuarix/AppData/Local/Programs/MiKTeX/tex/generic/pgf/frontendlayer/t
ikz/libraries/tikzlibraryarrows.code.tex
File: tikzlibraryarrows.code.tex 2023-01-15 v3.1.10 (3.1.10)

(C:/Users/Usuarix/AppData/Local/Programs/MiKTeX/tex/generic/pgf/libraries/pgfli
braryarrows.code.tex
File: pgflibraryarrows.code.tex 2023-01-15 v3.1.10 (3.1.10)
\arrowsize=\dimen329
))
(C:/Users/Usuarix/AppData/Local/Programs/MiKTeX/tex/generic/pgf/frontendlayer/t
ikz/libraries/tikzlibrarypositioning.code.tex
File: tikzlibrarypositioning.code.tex 2023-01-15 v3.1.10 (3.1.10)
)
(C:/Users/Usuarix/AppData/Local/Programs/MiKTeX/tex/generic/pgf/frontendlayer/t
ikz/libraries/tikzlibraryshapes.geometric.code.tex
File: tikzlibraryshapes.geometric.code.tex 2023-01-15 v3.1.10 (3.1.10)

(C:/Users/Usuarix/AppData/Local/Programs/MiKTeX/tex/generic/pgf/libraries/shape
s/pgflibraryshapes.geometric.code.tex
File: pgflibraryshapes.geometric.code.tex 2023-01-15 v3.1.10 (3.1.10)
))
(C:/Users/Usuarix/AppData/Local/Programs/MiKTeX/tex/generic/pgf/frontendlayer/t
ikz/libraries/tikzlibraryshapes.code.tex
File: tikzlibraryshapes.code.tex 2023-01-15 v3.1.10 (3.1.10)

(C:/Users/Usuarix/AppData/Local/Programs/MiKTeX/tex/generic/pgf/frontendlayer/t
ikz/libraries/tikzlibraryshapes.misc.code.tex
File: tikzlibraryshapes.misc.code.tex 2023-01-15 v3.1.10 (3.1.10)

(C:/Users/Usuarix/AppData/Local/Programs/MiKTeX/tex/generic/pgf/libraries/shape
s/pgflibraryshapes.misc.code.tex
File: pgflibraryshapes.misc.code.tex 2023-01-15 v3.1.10 (3.1.10)
))
(C:/Users/Usuarix/AppData/Local/Programs/MiKTeX/tex/generic/pgf/frontendlayer/t
ikz/libraries/tikzlibraryshapes.symbols.code.tex
File: tikzlibraryshapes.symbols.code.tex 2023-01-15 v3.1.10 (3.1.10)

(C:/Users/Usuarix/AppData/Local/Programs/MiKTeX/tex/generic/pgf/libraries/shape
s/pgflibraryshapes.symbols.code.tex
File: pgflibraryshapes.symbols.code.tex 2023-01-15 v3.1.10 (3.1.10)
))
(C:/Users/Usuarix/AppData/Local/Programs/MiKTeX/tex/generic/pgf/frontendlayer/t
ikz/libraries/tikzlibraryshapes.arrows.code.tex
File: tikzlibraryshapes.arrows.code.tex 2023-01-15 v3.1.10 (3.1.10)

(C:/Users/Usuarix/AppData/Local/Programs/MiKTeX/tex/generic/pgf/libraries/shape
s/pgflibraryshapes.arrows.code.tex
File: pgflibraryshapes.arrows.code.tex 2023-01-15 v3.1.10 (3.1.10)
))
(C:/Users/Usuarix/AppData/Local/Programs/MiKTeX/tex/generic/pgf/frontendlayer/t
ikz/libraries/tikzlibraryshapes.callouts.code.tex
(C:/Users/Usuarix/AppData/Local/Programs/MiKTeX/tex/generic/pgf/libraries/shape
s/pgflibraryshapes.callouts.code.tex))
(C:/Users/Usuarix/AppData/Local/Programs/MiKTeX/tex/generic/pgf/frontendlayer/t
ikz/libraries/tikzlibraryshapes.multipart.code.tex
File: tikzlibraryshapes.multipart.code.tex 2023-01-15 v3.1.10 (3.1.10)

(C:/Users/Usuarix/AppData/Local/Programs/MiKTeX/tex/generic/pgf/libraries/shape
s/pgflibraryshapes.multipart.code.tex
File: pgflibraryshapes.multipart.code.tex 2023-01-15 v3.1.10 (3.1.10)
\pgfnodepartlowerbox=\box85
\pgfnodeparttwobox=\box86
\pgfnodepartthreebox=\box87
\pgfnodepartfourbox=\box88
\pgfnodeparttwentybox=\box89
\pgfnodepartnineteenbox=\box90
\pgfnodeparteighteenbox=\box91
\pgfnodepartseventeenbox=\box92
\pgfnodepartsixteenbox=\box93
\pgfnodepartfifteenbox=\box94
\pgfnodepartfourteenbox=\box95
\pgfnodepartthirteenbox=\box96
\pgfnodeparttwelvebox=\box97
\pgfnodepartelevenbox=\box98
\pgfnodeparttenbox=\box99
\pgfnodepartninebox=\box100
\pgfnodeparteightbox=\box101
\pgfnodepartsevenbox=\box102
\pgfnodepartsixbox=\box103
\pgfnodepartfivebox=\box104
)))
(C:/Users/Usuarix/AppData/Local/Programs/MiKTeX/tex/generic/pgf/frontendlayer/t
ikz/libraries/tikzlibrarydecorations.markings.code.tex
(C:/Users/Usuarix/AppData/Local/Programs/MiKTeX/tex/generic/pgf/libraries/decor
ations/pgflibrarydecorations.markings.code.tex))
(C:/Users/Usuarix/AppData/Local/Programs/MiKTeX/tex/generic/pgfplots/libs/pgfli
brarypgfplots.colorbrewer.code.tex
(C:/Users/Usuarix/AppData/Local/Programs/MiKTeX/tex/generic/pgfplots/libs/tikzl
ibrarycolorbrewer.code.tex))
(C:/Users/Usuarix/AppData/Local/Programs/MiKTeX/tex/generic/pgfplots/libs/tikzl
ibrarypgfplots.external.code.tex
(C:/Users/Usuarix/AppData/Local/Programs/MiKTeX/tex/latex/pgf/frontendlayer/lib
raries/tikzlibraryexternal.code.tex
(C:/Users/Usuarix/AppData/Local/Programs/MiKTeX/tex/latex/base/atveryend-ltx.st
y
Package: atveryend-ltx 2020/08/19 v1.0a Emulation of the original atveryend pac
kage
with kernel methods
)
(C:/Users/Usuarix/AppData/Local/Programs/MiKTeX/tex/generic/pgf/frontendlayer/t
ikz/libraries/tikzexternalshared.code.tex)))
No auxiliary output files.

\w@pgfexternal@auxout=\write4
Package TikZ externalization: calling \geometry{driver=none} during externaliza
tion.

(C:/Users/Usuarix/AppData/Local/Programs/MiKTeX/tex/latex/xifthen/xifthen.sty
Package: xifthen 2015/11/05 v1.4.0 Extended ifthen features
(C:/Users/Usuarix/AppData/Local/Programs/MiKTeX/tex/latex/ifmtarg/ifmtarg.sty
Package: ifmtarg 2018/04/16 v1.2b check for an empty argument
))
(C:/Users/Usuarix/AppData/Local/Programs/MiKTeX/tex/latex/booktabs/booktabs.sty
Package: booktabs 2020/01/12 v1.61803398 Publication quality tables
\heavyrulewidth=\dimen330
\lightrulewidth=\dimen331
\cmidrulewidth=\dimen332
\belowrulesep=\dimen333
\belowbottomsep=\dimen334
\aboverulesep=\dimen335
\abovetopsep=\dimen336
\cmidrulesep=\dimen337
\cmidrulekern=\dimen338
\defaultaddspace=\dimen339
\@cmidla=\count340
\@cmidlb=\count341
\@aboverulesep=\dimen340
\@belowrulesep=\dimen341
\@thisruleclass=\count342
\@lastruleclass=\count343
\@thisrulewidth=\dimen342
) (C:/Users/Usuarix/AppData/Local/Programs/MiKTeX/tex/latex/base/makeidx.sty
Package: makeidx 2021/10/04 v1.0m Standard LaTeX package
)
(C:/Users/Usuarix/AppData/Local/Programs/MiKTeX/tex/latex/enumitem/enumitem.sty
Package: enumitem 2019/06/20 v3.9 Customized lists
\labelindent=\skip65
\enit@outerparindent=\dimen343
\enit@toks=\toks59
\enit@inbox=\box105
\enit@count@id=\count344
\enitdp@description=\count345
)
(C:/Users/Usuarix/AppData/Local/Programs/MiKTeX/tex/latex/titlesec/titlesec.sty
Package: titlesec 2023/10/27 v2.16 Sectioning titles
\ttl@box=\box106
\beforetitleunit=\skip66
\aftertitleunit=\skip67
\ttl@plus=\dimen344
\ttl@minus=\dimen345
\ttl@toksa=\toks60
\titlewidth=\dimen346
\titlewidthlast=\dimen347
\titlewidthfirst=\dimen348
)
(C:/Users/Usuarix/AppData/Local/Programs/MiKTeX/tex/latex/todonotes/todonotes.s
ty
Package: todonotes 2023/01/31 v1.1.6 Todonotes source and documentation.
Package: todonotes 2023/01/31
(C:/Users/Usuarix/AppData/Local/Programs/MiKTeX/tex/latex/xkeyval/xkeyval.sty
Package: xkeyval 2022/06/16 v2.9 package option processing (HA)

(C:/Users/Usuarix/AppData/Local/Programs/MiKTeX/tex/generic/xkeyval/xkeyval.tex

(C:/Users/Usuarix/AppData/Local/Programs/MiKTeX/tex/generic/xkeyval/xkvutils.te
x
\XKV@toks=\toks61
\XKV@tempa@toks=\toks62
)
\XKV@depth=\count346
File: xkeyval.tex 2014/12/03 v2.7a key=value parser (HA)
))
\c@@todonotes@numberoftodonotes=\count347
)
(C:/Users/Usuarix/AppData/Local/Programs/MiKTeX/tex/latex/setspace/setspace.sty
Package: setspace 2022/12/04 v6.7b set line spacing
)
(C:/Users/Usuarix/AppData/Local/Programs/MiKTeX/tex/latex/lastpage/lastpage.sty
Package: lastpage 2023/10/14 v2.0e lastpage: 2.09 or 2e? (HMM)

(C:/Users/Usuarix/AppData/Local/Programs/MiKTeX/tex/latex/lastpage/lastpage2e.s
ty
Package: lastpage2e 2023/10/14 v2.0e Decide which 2e lastpage version to use (H
MM)

(C:/Users/Usuarix/AppData/Local/Programs/MiKTeX/tex/latex/lastpage/lastpagemode
rn.sty
Package: lastpagemodern 2023-10-14 v2.0e Refers to last page's name (HMM; JPG)
\c@lastpagecount=\count348
) 
))
(C:/Users/Usuarix/AppData/Local/Programs/MiKTeX/tex/latex/caption/subcaption.st
y
Package: subcaption 2023/07/28 v1.6b Sub-captions (AR)
Package caption Info: New subtype `subfigure' on input line 238.
\c@subfigure=\count349
Package caption Info: New subtype `subtable' on input line 238.
\c@subtable=\count350
) (C:/Users/Usuarix/AppData/Local/Programs/MiKTeX/tex/latex/titling/titling.sty
Package: titling 2009/09/04 v2.1d maketitle typesetting
\thanksmarkwidth=\skip68
\thanksmargin=\skip69
\droptitle=\skip70
))

LaTeX Warning: \include should only be used after \begin{document} on input lin
e 8.

(./format/mathcommands.tex
\c@proposition=\count351
\c@example=\count352
\c@definition=\count353
\c@theorem=\count354
\c@defn=\count355
)

LaTeX Warning: \include should only be used after \begin{document} on input lin
e 9.

(./format/graphs.tex)

LaTeX Warning: \include should only be used after \begin{document} on input lin
e 11.

(./format/TexPlot.tex)

LaTeX Warning: \include should only be used after \begin{document} on input lin
e 13.

(./format/luamacros.tex)

LaTeX Warning: \include should only be used after \begin{document} on input lin
e 14.

(./format/listings.tex
(C:/Users/Usuarix/AppData/Local/Programs/MiKTeX/tex/latex/listings/listings.sty
\lst@mode=\count356
\lst@gtempboxa=\box107
\lst@token=\toks63
\lst@length=\count357
\lst@currlwidth=\dimen349
\lst@column=\count358
\lst@pos=\count359
\lst@lostspace=\dimen350
\lst@width=\dimen351
\lst@newlines=\count360
\lst@lineno=\count361
\lst@maxwidth=\dimen352
(C:/Users/Usuarix/AppData/Local/Programs/MiKTeX/tex/latex/listings/lstmisc.sty
File: lstmisc.sty 2023/02/27 1.9 (Carsten Heinz)
\c@lstnumber=\count362
\lst@skipnumbers=\count363
\lst@framebox=\box108
)
(C:/Users/Usuarix/AppData/Local/Programs/MiKTeX/tex/latex/listings/listings.cfg
File: listings.cfg 2023/02/27 1.9 listings configuration
))
Package: listings 2023/02/27 1.9 (Carsten Heinz)

(C:/Users/Usuarix/AppData/Local/Programs/MiKTeX/tex/latex/listings/lstlang1.sty
File: lstlang1.sty 2023/02/27 1.9 listings language file
)
(C:/Users/Usuarix/AppData/Local/Programs/MiKTeX/tex/latex/listings/lstlang1.sty
File: lstlang1.sty 2023/02/27 1.9 listings language file
)) (./figures/figures.tex)
(C:/Users/Usuarix/AppData/Local/Programs/MiKTeX/tex/latex/pdflscape/pdflscape.s
ty
Package: pdflscape 2022-10-27 v0.13 Display of landscape pages in PDF

(C:/Users/Usuarix/AppData/Local/Programs/MiKTeX/tex/latex/pdflscape/pdflscape-n
ometadata.sty
Package: pdflscape-nometadata 2022-10-28 v0.13 Display of landscape pages in PD
F (HO)
(C:/Users/Usuarix/AppData/Local/Programs/MiKTeX/tex/latex/graphics/lscape.sty
Package: lscape 2020/05/28 v3.02 Landscape Pages (DPC)
)
Package pdflscape Info: Auto-detected driver: pdftex on input line 81.
))

LaTeX Warning: Unused global option(s):
    [english2].

No file TikzFigures/D11_W7X_EIM_boozxform_input.aux.
LaTeX Font Info:    Checking defaults for OML/cmm/m/it on input line 39.
LaTeX Font Info:    ... okay on input line 39.
LaTeX Font Info:    Checking defaults for OMS/cmsy/m/n on input line 39.
LaTeX Font Info:    ... okay on input line 39.
LaTeX Font Info:    Checking defaults for OT1/cmr/m/n on input line 39.
LaTeX Font Info:    ... okay on input line 39.
LaTeX Font Info:    Checking defaults for T1/cmr/m/n on input line 39.
LaTeX Font Info:    ... okay on input line 39.
LaTeX Font Info:    Checking defaults for TS1/cmr/m/n on input line 39.
LaTeX Font Info:    Trying to load font information for TS1+cmr on input line 3
9.
(C:/Users/Usuarix/AppData/Local/Programs/MiKTeX/tex/latex/base/ts1cmr.fd
File: ts1cmr.fd 2023/04/13 v2.5m Standard LaTeX font definitions
)
LaTeX Font Info:    ... okay on input line 39.
LaTeX Font Info:    Checking defaults for TU/lmr/m/n on input line 39.
LaTeX Font Info:    ... okay on input line 39.
LaTeX Font Info:    Checking defaults for OMX/cmex/m/n on input line 39.
LaTeX Font Info:    ... okay on input line 39.
LaTeX Font Info:    Checking defaults for U/cmr/m/n on input line 39.
LaTeX Font Info:    ... okay on input line 39.
*geometry* detected driver: <none>
*geometry* verbose mode - [ preamble ] result:
* driver: \Gm@driver 
* paper: a4paper
* layout: <same size as paper>
* layoutoffset:(h,v)=(0.0pt,0.0pt)
* modes: twoside 
* h-part:(L,W,R)=(22.7622pt, 540.60236pt, 34.14331pt)
* v-part:(T,H,B)=(42.11008pt, 739.77165pt, 63.16512pt)
* \paperwidth=597.50787pt
* \paperheight=845.04684pt
* \textwidth=540.60236pt
* \textheight=739.77165pt
* \oddsidemargin=-49.50778pt
* \evensidemargin=-38.12668pt
* \topmargin=-67.15991pt
* \headheight=12.0pt
* \headsep=25.0pt
* \topskip=11.0pt
* \footskip=30.0pt
* \marginparwidth=113.0pt
* \marginparsep=10.0pt
* \columnsep=10.0pt
* \skip\footins=10.0pt plus 4.0pt minus 2.0pt
* \hoffset=0.0pt
* \voffset=0.0pt
* \mag=1000
* \@twocolumnfalse
* \@twosidetrue
* \@mparswitchtrue
* \@reversemarginfalse
* (1in=72.27pt=25.4mm, 1cm=28.453pt)

LaTeX Info: Redefining \microtypecontext on input line 39.
Package microtype Info: Applying patch `item' on input line 39.
Package microtype Info: Applying patch `toc' on input line 39.
Package microtype Info: Applying patch `eqnum' on input line 39.
Package microtype Info: Applying patch `footnote' on input line 39.
Package microtype Info: Applying patch `verbatim' on input line 39.
Package microtype Info: Generating PDF output.
Package microtype Info: Character protrusion enabled (level 2).
Package microtype Info: Using default protrusion set `alltext'.
Package microtype Info: Automatic font expansion enabled (level 2),
(microtype)             stretch: 20, shrink: 20, step: 1, non-selected.
Package microtype Info: Using default expansion set `alltext-nott'.
LaTeX Info: Redefining \showhyphens on input line 39.
Package microtype Info: No adjustment of tracking.
Package microtype Info: No adjustment of spacing.
Package microtype Info: No adjustment of kerning.

(C:/Users/Usuarix/AppData/Local/Programs/MiKTeX/tex/latex/microtype/mt-LatinMod
ernRoman.cfg
File: mt-LatinModernRoman.cfg 2021/02/21 v1.1 microtype config. file: Latin Mod
ern Roman (RS)
)
(C:/Users/Usuarix/AppData/Local/Programs/MiKTeX/tex/context/base/mkii/supp-pdf.
mkii
[Loading MPS to PDF converter (version 2006.09.02).]
\scratchcounter=\count364
\scratchdimen=\dimen353
\scratchbox=\box109
\nofMPsegments=\count365
\nofMParguments=\count366
\everyMPshowfont=\toks64
\MPscratchCnt=\count367
\MPscratchDim=\dimen354
\MPnumerator=\count368
\makeMPintoPDFobject=\count369
\everyMPtoPDFconversion=\toks65
)
(C:/Users/Usuarix/AppData/Local/Programs/MiKTeX/tex/latex/epstopdf-pkg/epstopdf
-base.sty
Package: epstopdf-base 2020-01-24 v2.11 Base part for package epstopdf
Package epstopdf-base Info: Redefining graphics rule for `.eps' on input line 4
85.

(C:/Users/Usuarix/AppData/Local/Programs/MiKTeX/tex/latex/00miktex/epstopdf-sys
.cfg
File: epstopdf-sys.cfg 2021/03/18 v2.0 Configuration of epstopdf for MiKTeX
))
\Hy@linkcounter=\count370

Package siunitx Warning: Detected the "physics" package:
(siunitx)                omitting definition of \qty.
(siunitx)                
(siunitx)                If you want to use \qty with the siunitx definition,
(siunitx)                add 
(siunitx)                
(siunitx)                    \AtBeginDocument{\RenewCommandCopy\qty\SI}
(siunitx)                
(siunitx)                to your preamble.


(C:/Users/Usuarix/AppData/Local/Programs/MiKTeX/tex/latex/translations/dicts/tr
anslations-basic-dictionary-english.trsl
File: translations-basic-dictionary-english.trsl (english translation file `tra
nslations-basic-dictionary')
)
Package translations Info: loading dictionary `translations-basic-dictionary' f
or `english'. on input line 39.
Package caption Info: Begin \AtBeginDocument code.
Package caption Info: listings package is loaded.
Package caption Info: End \AtBeginDocument code.
Package pgfplots notification 'compat/show suggested version=true': you might b
enefit from \pgfplotsset{compat=1.18} (current compat level: 1.12).

\c@lstlisting=\count371
Package microtype Info: Loading generic protrusion settings for font family
(microtype)             `lmtt' (encoding: TU).
(microtype)             For optimal results, create family-specific settings.
(microtype)             See the microtype manual for details.
LaTeX Font Info:    Trying to load font information for OT1+lmr on input line 4
1.
(C:/Users/Usuarix/AppData/Local/Programs/MiKTeX/tex/latex/lm/ot1lmr.fd
File: ot1lmr.fd 2015/05/01 v1.6.1 Font defs for Latin Modern
)
Package microtype Info: Loading generic protrusion settings for font family
(microtype)             `lmr' (encoding: OT1).
(microtype)             For optimal results, create family-specific settings.
(microtype)             See the microtype manual for details.
LaTeX Font Info:    Trying to load font information for OML+lmm on input line 4
1.
(C:/Users/Usuarix/AppData/Local/Programs/MiKTeX/tex/latex/lm/omllmm.fd
File: omllmm.fd 2015/05/01 v1.6.1 Font defs for Latin Modern
)
LaTeX Font Info:    Trying to load font information for OMS+lmsy on input line 
41.
(C:/Users/Usuarix/AppData/Local/Programs/MiKTeX/tex/latex/lm/omslmsy.fd
File: omslmsy.fd 2015/05/01 v1.6.1 Font defs for Latin Modern
)
LaTeX Font Info:    Trying to load font information for OMX+lmex on input line 
41.
(C:/Users/Usuarix/AppData/Local/Programs/MiKTeX/tex/latex/lm/omxlmex.fd
File: omxlmex.fd 2015/05/01 v1.6.1 Font defs for Latin Modern
)
LaTeX Font Info:    External font `lmex10' loaded for size
(Font)              <12> on input line 41.
LaTeX Font Info:    External font `lmex10' loaded for size
(Font)              <8> on input line 41.
LaTeX Font Info:    External font `lmex10' loaded for size
(Font)              <6> on input line 41.
LaTeX Font Info:    Trying to load font information for U+lasy on input line 41
.
(C:/Users/Usuarix/AppData/Local/Programs/MiKTeX/tex/latex/base/ulasy.fd
File: ulasy.fd 1998/08/17 v2.2e LaTeX symbol font definitions
)
LaTeX Font Info:    Trying to load font information for U+msa on input line 41.

(C:/Users/Usuarix/AppData/Local/Programs/MiKTeX/tex/latex/amsfonts/umsa.fd
File: umsa.fd 2013/01/14 v3.01 AMS symbols A
) (C:/Users/Usuarix/AppData/Local/Programs/MiKTeX/tex/latex/microtype/mt-msa.cf
g
File: mt-msa.cfg 2006/02/04 v1.1 microtype config. file: AMS symbols (a) (RS)
)
LaTeX Font Info:    Trying to load font information for U+msb on input line 41.

(C:/Users/Usuarix/AppData/Local/Programs/MiKTeX/tex/latex/amsfonts/umsb.fd
File: umsb.fd 2013/01/14 v3.01 AMS symbols B
) (C:/Users/Usuarix/AppData/Local/Programs/MiKTeX/tex/latex/microtype/mt-msb.cf
g
File: mt-msb.cfg 2005/06/01 v1.0 microtype config. file: AMS symbols (b) (RS)
)
LaTeX Font Info:    Trying to load font information for U+rsfs on input line 41
.
(C:/Users/Usuarix/AppData/Local/Programs/MiKTeX/tex/latex/jknappen/ursfs.fd
File: ursfs.fd 1998/03/24 rsfs font definition file (jk)
)
No file TikzFigures/D11_W7X_EIM_boozxform_input.toc.
(./chapters/Install.tex

LaTeX Warning: Reference `lst:LAPACK_linking' on page 1 undefined on input line
 18.

(./temp.f90
LaTeX Font Info:    Font shape `TU/lmtt/bx/n' in size <9> not available
(Font)              Font shape `TU/lmtt/b/n' tried instead on input line 1.
)

LaTeX Warning: Reference `lst:main_MONKES_compiling_instruction' on page 1 unde
fined on input line 20.

(./temp.f90)) (./chapters/Usage.tex
LaTeX Font Info:    Font shape `TU/lmtt/bx/n' in size <14.4> not available
(Font)              Font shape `TU/lmtt/b/n' tried instead on input line 1.
LaTeX Font Info:    Font shape `TU/lmtt/bx/n' in size <10.95> not available
(Font)              Font shape `TU/lmtt/b/n' tried instead on input line 8.
LaTeX Font Info:    External font `lmex10' loaded for size
(Font)              <10.95> on input line 11.

LaTeX Warning: Reference `lst:monkes_input.surface' on page 1 undefined on inpu
t line 11.

(./temp.f90)
LaTeX Font Info:    External font `lmex10' loaded for size
(Font)              <10> on input line 14.
LaTeX Font Info:    External font `lmex10' loaded for size
(Font)              <7> on input line 14.
LaTeX Font Info:    External font `lmex10' loaded for size
(Font)              <5> on input line 14.

LaTeX Warning: Reference `sec:Magnetic_configuration_input' on page 2 undefined
 on input line 22.


LaTeX Warning: Reference `tab:monkes_input.parameters' on page 2 undefined on i
nput line 22.


LaTeX Warning: No positions in optional float specifier.
               Default added (so using `tbp') on input line 24.


LaTeX Warning: Citation `Escoto_2024' on page 2 undefined on input line 28.


LaTeX Warning: Reference `lst:monkes_input.parameters' on page 2 undefined on i
nput line 39.


LaTeX Warning: Reference `lst:monkes_input.parameters' on page 2 undefined on i
nput line 39.

(./temp.f90)

LaTeX Warning: Citation `Escoto_2024' on page 2 undefined on input line 48.


LaTeX Warning: Citation `Escoto_2024' on page 2 undefined on input line 48.

The command '\landscape []{<no argument in curly braces>}' has been optimized a
way. Use '/tikz/external/optimize=false' to disable this.
(./temp.f90)
The command '\endlandscape []{<no argument in curly braces>}' has been optimize
d away. Use '/tikz/external/optimize=false' to disable this.
LaTeX Font Info:    Font shape `TU/lmtt/bx/n' in size <12> not available
(Font)              Font shape `TU/lmtt/b/n' tried instead on input line 56.

LaTeX Warning: Reference `lst:monkes_input.parameters' on page 3 undefined on i
nput line 58.

A tikzpicture has been optimized away. Use '/tikz/external/optimize=false' to d
isable this.
A tikzpicture has been optimized away. Use '/tikz/external/optimize=false' to d
isable this.

LaTeX Warning: Reference `sec:Magnetic_configuration_input' on page 4 undefined
 on input line 101.


LaTeX Warning: Reference `lst:monkes_input.surface' on page 4 undefined on inpu
t line 101.


\openout4 = TikzFigures/D11_W7X_EIM_boozxform_input.dpth
Package pgfplots info on input line 110: Using 'lua backend=false' for axis: xm
ode=log unsupported (yet).
Package pgfplots info on input line 110: Using 'lua backend=false' for axis: ym
ode=log unsupported (yet).
PGFPlots: reading {../../examples/W7X-EIM/boozer_xform_input/monkes_Monoenerget
ic_Database.dat}
\tikzexternal@dep@file=\write5

\openout5 = TikzFigures/D11_W7X_EIM_boozxform_input.dep

Package pgfplots Warning: Some input argument (domain restriction) explicitly r
elies on the log basis of x (which is e). Please verify that this is intended a
nd set 'log basis x=10' otherwise. This warning will be shown only once per doc
ument. on input line 113.

 [warning /pgfplots/warning/log basis required]
PGFPlots: reading {../../examples/W7X-EIM/boozer_xform_input/monkes_Monoenerget
ic_Database.dat}
[4

{C:/Users/Usuarix/AppData/Local/MiKTeX/fonts/map/pdftex/pdftex.map}]
A tikzpicture has been optimized away. Use '/tikz/external/optimize=false' to d
isable this.
)
No file TikzFigures/D11_W7X_EIM_boozxform_input.bbl.

Package lastpage Warning: The lastpage package was not allowed to write to an
(lastpage)                .aux file. This package does not work without access
(lastpage)                to an .aux file.
(lastpage)                It is OK if the .aux file was already updated
(lastpage)                by a previous compiler run
(lastpage)                and would not have changed anyway.
(lastpage)                 on input line 54.

 ***********
LaTeX2e <2023-06-01> patch level 1
L3 programming layer <2023-08-29>
 ***********

LaTeX Warning: There were undefined references.


Package lastpage Warning: Rerun to get the references right on input line 54.

)

Here is how much of LuaTeX's memory you used:
 45927 strings out of 477259
 1166641,2373549 words of node,token memory allocated
 632 words of node memory still in use:
   7 hlist, 2 vlist, 2 rule, 1 local_par, 4 glue, 4 kern, 1 penalty, 3 glyph, 15
 attribute, 67 glue_spec, 9 attribute_list, 2 write nodes
   avail lists: 1:2,2:14365,3:1099,4:4625,5:34678,6:80,7:34345,8:22,9:57708,10:8
7,11:2379
 65890 multiletter control sequences out of 65536+600000
 88 fonts using 6718751 bytes
 95i,21n,114p,1052b,2409s stack positions out of 10000i,1000n,20000p,200000b,200000s
{C:/Users/Usuarix/AppData/Local/Programs/MiKTeX/fonts/enc/dvips/lm/lm-mathit.enc
}{C:/Users/Usuarix/AppData/Local/Programs/MiKTeX/fonts/enc/dvips/lm/lm-mathsy.en
c}{C:/Users/Usuarix/AppData/Local/Programs/MiKTeX/fonts/enc/dvips/lm/lm-mathex.e
nc}<//?/c:/users/usuarix/appdata/local/programs/miktex/fonts/opentype/public/lm/
lmroman10-regular.otf>{C:/Users/Usuarix/AppData/Local/Programs/MiKTeX/fonts/enc/
dvips/lm/lm-rm.enc}<C:/Users/Usuarix/AppData/Local/Programs/MiKTeX/fonts/type1/p
ublic/lm/lmex10.pfb><C:/Users/Usuarix/AppData/Local/Programs/MiKTeX/fonts/type1/
public/lm/lmmi10.pfb><C:/Users/Usuarix/AppData/Local/Programs/MiKTeX/fonts/type1
/public/lm/lmmi8.pfb><C:/Users/Usuarix/AppData/Local/Programs/MiKTeX/fonts/type1
/public/lm/lmr10.pfb><C:/Users/Usuarix/AppData/Local/Programs/MiKTeX/fonts/type1
/public/lm/lmr8.pfb><C:/Users/Usuarix/AppData/Local/Programs/MiKTeX/fonts/type1/
public/lm/lmsy10.pfb><C:/Users/Usuarix/AppData/Local/Programs/MiKTeX/fonts/type1
/public/lm/lmsy8.pfb>
Output written on TikzFigures/D11_W7X_EIM_boozxform_input.pdf (1 page, 67837 byt
es).

PDF statistics: 48 PDF objects out of 1000 (max. 8388607)
 0 named destinations out of 1000 (max. 131072)
 16 words of extra memory for PDF output out of 10000 (max. 100000000)

